[admin.pixelstrap.com/tivo/template/index.html]
[backblue.gif]
[fade.gif]
[index.html]
[admin.pixelstrap.com/tivo/assets/images/favicon/favicon.png]
[admin.pixelstrap.com/tivo/assets/images/logo/logo2.png]
[admin.pixelstrap.com/tivo/assets/images/logo/logo.png]
[admin.pixelstrap.com/tivo/template/file-manager.html]
[admin.pixelstrap.com/tivo/template/kanban.html]
[admin.pixelstrap.com/tivo/template/social-app.html]
[admin.pixelstrap.com/tivo/template/bookmark.html]
[admin.pixelstrap.com/tivo/template/dashboard-02.html]
[admin.pixelstrap.com/tivo/template/projects.html]
[admin.pixelstrap.com/tivo/template/projectcreate.html]
[admin.pixelstrap.com/tivo/template/product.html]
[admin.pixelstrap.com/tivo/template/product-page.html]
[admin.pixelstrap.com/tivo/template/list-products.html]
[admin.pixelstrap.com/tivo/template/payment-details.html]
[admin.pixelstrap.com/tivo/template/order-history.html]
[admin.pixelstrap.com/tivo/template/invoice-template.html]
[admin.pixelstrap.com/tivo/template/cart.html]
[admin.pixelstrap.com/tivo/template/list-wish.html]
[admin.pixelstrap.com/tivo/template/checkout.html]
[admin.pixelstrap.com/tivo/template/pricing.html]
[admin.pixelstrap.com/tivo/template/email_inbox.html]
[admin.pixelstrap.com/tivo/template/email_read.html]
[admin.pixelstrap.com/tivo/template/email_compose.html]
[admin.pixelstrap.com/tivo/template/chat.html]
[admin.pixelstrap.com/tivo/template/chat-video.html]
[admin.pixelstrap.com/tivo/template/user-profile.html]
[admin.pixelstrap.com/tivo/template/edit-profile.html]
[admin.pixelstrap.com/tivo/template/user-cards.html]
[admin.pixelstrap.com/tivo/template/contacts.html]
[admin.pixelstrap.com/tivo/template/landing-page.html]
[admin.pixelstrap.com/tivo/template/sample-page.html]
[admin.pixelstrap.com/tivo/template/internationalization.html]
[admin.pixelstrap.com/tivo/assets/images/user/3.jpg]
[admin.pixelstrap.com/tivo/assets/images/user/6.jpg]
[admin.pixelstrap.com/tivo/assets/images/user/10.jpg]
[admin.pixelstrap.com/tivo/template/login.html]
[admin.pixelstrap.com/tivo/template/chart-widget.html]
[admin.pixelstrap.com/tivo/template/general-widget.html]
[admin.pixelstrap.com/tivo/template/box-layout.html]
[admin.pixelstrap.com/tivo/template/layout-rtl.html]
[admin.pixelstrap.com/tivo/template/layout-dark.html]
[admin.pixelstrap.com/tivo/template/hide-on-scroll.html]
[admin.pixelstrap.com/tivo/template/footer-light.html]
[admin.pixelstrap.com/tivo/template/footer-dark.html]
[admin.pixelstrap.com/tivo/template/footer-fixed.html]
[admin.pixelstrap.com/tivo/template/add-products.html]
[admin.pixelstrap.com/tivo/template/task.html]
[admin.pixelstrap.com/tivo/template/calendar-basic.html]
[admin.pixelstrap.com/tivo/template/to-do.html]
[admin.pixelstrap.com/tivo/template/search.html]
[admin.pixelstrap.com/tivo/template/form-validation.html]
[admin.pixelstrap.com/tivo/template/base-input.html]
[admin.pixelstrap.com/tivo/template/radio-checkbox-control.html]
[admin.pixelstrap.com/tivo/template/input-group.html]
[admin.pixelstrap.com/tivo/template/megaoptions.html]
[admin.pixelstrap.com/tivo/template/datepicker.html]
[admin.pixelstrap.com/tivo/template/time-picker.html]
[admin.pixelstrap.com/tivo/template/datetimepicker.html]
[admin.pixelstrap.com/tivo/template/daterangepicker.html]
[admin.pixelstrap.com/tivo/template/touchspin.html]
[admin.pixelstrap.com/tivo/template/select2.html]
[admin.pixelstrap.com/tivo/template/switch.html]
[admin.pixelstrap.com/tivo/template/typeahead.html]
[admin.pixelstrap.com/tivo/template/clipboard.html]
[admin.pixelstrap.com/tivo/template/default-form.html]
[admin.pixelstrap.com/tivo/template/form-wizard.html]
[admin.pixelstrap.com/tivo/template/form-wizard-two.html]
[admin.pixelstrap.com/tivo/template/form-wizard-three.html]
[admin.pixelstrap.com/tivo/template/bootstrap-basic-table.html]
[admin.pixelstrap.com/tivo/template/table-components.html]
[admin.pixelstrap.com/tivo/template/datatable-basic-init.html]
[admin.pixelstrap.com/tivo/template/datatable-API.html]
[admin.pixelstrap.com/tivo/template/datatable-data-source.html]
[admin.pixelstrap.com/tivo/template/datatable-ext-autofill.html]
[admin.pixelstrap.com/tivo/template/jsgrid-table.html]
[admin.pixelstrap.com/tivo/template/typography.html]
[admin.pixelstrap.com/tivo/template/avatars.html]
[admin.pixelstrap.com/tivo/template/helper-classes.html]
[admin.pixelstrap.com/tivo/template/grid.html]
[admin.pixelstrap.com/tivo/template/tag-pills.html]
[admin.pixelstrap.com/tivo/template/progress-bar.html]
[admin.pixelstrap.com/tivo/template/modal.html]
[admin.pixelstrap.com/tivo/template/alert.html]
[admin.pixelstrap.com/tivo/template/popover.html]
[admin.pixelstrap.com/tivo/template/tooltip.html]
[admin.pixelstrap.com/tivo/template/loader.html]
[admin.pixelstrap.com/tivo/template/dropdown.html]
[admin.pixelstrap.com/tivo/template/according.html]
[admin.pixelstrap.com/tivo/template/tab-bootstrap.html]
[admin.pixelstrap.com/tivo/template/tab-material.html]
[admin.pixelstrap.com/tivo/template/box-shadow.html]
[admin.pixelstrap.com/tivo/template/list.html]
[admin.pixelstrap.com/tivo/template/scrollable.html]
[admin.pixelstrap.com/tivo/template/tree.html]
[admin.pixelstrap.com/tivo/template/bootstrap-notify.html]
[admin.pixelstrap.com/tivo/template/rating.html]
[admin.pixelstrap.com/tivo/template/dropzone.html]
[admin.pixelstrap.com/tivo/template/tour.html]
[admin.pixelstrap.com/tivo/template/sweet-alert2.html]
[admin.pixelstrap.com/tivo/template/modal-animated.html]
[admin.pixelstrap.com/tivo/template/owl-carousel.html]
[admin.pixelstrap.com/tivo/template/ribbons.html]
[admin.pixelstrap.com/tivo/template/pagination.html]
[admin.pixelstrap.com/tivo/template/breadcrumb.html]
[admin.pixelstrap.com/tivo/template/range-slider.html]
[admin.pixelstrap.com/tivo/template/image-cropper.html]
[admin.pixelstrap.com/tivo/template/sticky.html]
[admin.pixelstrap.com/tivo/template/basic-card.html]
[admin.pixelstrap.com/tivo/template/dragable-card.html]
[admin.pixelstrap.com/tivo/template/timeline-v-1.html]
[admin.pixelstrap.com/tivo/template/timeline-v-2.html]
[admin.pixelstrap.com/tivo/template/form-builder-1.html]
[admin.pixelstrap.com/tivo/template/form-builder-2.html]
[admin.pixelstrap.com/tivo/template/pagebuild.html]
[admin.pixelstrap.com/tivo/template/animate.html]
[admin.pixelstrap.com/tivo/template/button-builder.html]
[admin.pixelstrap.com/tivo/template/scroll-reval.html]
[admin.pixelstrap.com/tivo/template/AOS.html]
[admin.pixelstrap.com/tivo/template/tilt.html]
[admin.pixelstrap.com/tivo/template/wow.html]
[admin.pixelstrap.com/tivo/template/flag-icon.html]
[admin.pixelstrap.com/tivo/template/font-awesome.html]
[admin.pixelstrap.com/tivo/template/ico-icon.html]
[admin.pixelstrap.com/tivo/template/themify-icon.html]
[admin.pixelstrap.com/tivo/template/feather-icon.html]
[admin.pixelstrap.com/tivo/template/whether-icon.html]
[admin.pixelstrap.com/tivo/template/buttons.html]
[admin.pixelstrap.com/tivo/template/button-group.html]
[admin.pixelstrap.com/tivo/template/chart-apex.html]
[admin.pixelstrap.com/tivo/template/chart-sparkline.html]
[admin.pixelstrap.com/tivo/template/chart-flot.html]
[admin.pixelstrap.com/tivo/template/chart-knob.html]
[admin.pixelstrap.com/tivo/template/chart-morris.html]
[admin.pixelstrap.com/tivo/template/chartjs.html]
[admin.pixelstrap.com/tivo/template/chartist.html]
[admin.pixelstrap.com/tivo/template/chart-peity.html]
[admin.pixelstrap.com/tivo/template/error-page1.html]
[admin.pixelstrap.com/tivo/template/error-page2.html]
[admin.pixelstrap.com/tivo/template/error-page3.html]
[admin.pixelstrap.com/tivo/template/error-page4.html]
[admin.pixelstrap.com/tivo/template/error-page5.html]
[admin.pixelstrap.com/tivo/template/login_one.html]
[admin.pixelstrap.com/tivo/template/login_two.html]
[admin.pixelstrap.com/tivo/template/login-bs-validation.html]
[admin.pixelstrap.com/tivo/template/login-bs-tt-validation.html]
[admin.pixelstrap.com/tivo/template/login-sa-validation.html]
[admin.pixelstrap.com/tivo/template/sign-up.html]
[admin.pixelstrap.com/tivo/template/sign-up-one.html]
[admin.pixelstrap.com/tivo/template/sign-up-two.html]
[admin.pixelstrap.com/tivo/template/unlock.html]
[admin.pixelstrap.com/tivo/template/forget-password.html]
[admin.pixelstrap.com/tivo/template/reset-password.html]
[admin.pixelstrap.com/tivo/template/maintenance.html]
[admin.pixelstrap.com/tivo/template/comingsoon.html]
[admin.pixelstrap.com/tivo/template/comingsoon-bg-video.html]
[admin.pixelstrap.com/tivo/template/comingsoon-bg-img.html]
[admin.pixelstrap.com/tivo/template/basic-template.html]
[admin.pixelstrap.com/tivo/template/email-header.html]
[admin.pixelstrap.com/tivo/template/template-email.html]
[admin.pixelstrap.com/tivo/template/template-email-2.html]
[admin.pixelstrap.com/tivo/template/ecommerce-templates.html]
[admin.pixelstrap.com/tivo/template/email-order-success.html]
[admin.pixelstrap.com/tivo/template/gallery.html]
[admin.pixelstrap.com/tivo/template/gallery-with-description.html]
[admin.pixelstrap.com/tivo/template/gallery-masonry.html]
[admin.pixelstrap.com/tivo/template/masonry-gallery-with-disc.html]
[admin.pixelstrap.com/tivo/template/gallery-hover.html]
[admin.pixelstrap.com/tivo/template/blog.html]
[admin.pixelstrap.com/tivo/template/blog-single.html]
[admin.pixelstrap.com/tivo/template/add-post.html]
[admin.pixelstrap.com/tivo/template/faq.html]
[admin.pixelstrap.com/tivo/template/job-cards-view.html]
[admin.pixelstrap.com/tivo/template/job-list-view.html]
[admin.pixelstrap.com/tivo/template/job-details.html]
[admin.pixelstrap.com/tivo/template/job-apply.html]
[admin.pixelstrap.com/tivo/template/learning-list-view.html]
[admin.pixelstrap.com/tivo/template/learning-detailed.html]
[admin.pixelstrap.com/tivo/template/map-js.html]
[admin.pixelstrap.com/tivo/template/vector-map.html]
[admin.pixelstrap.com/tivo/template/summernote.html]
[admin.pixelstrap.com/tivo/template/ckeditor.html]
[admin.pixelstrap.com/tivo/template/simple-MDE.html]
[admin.pixelstrap.com/tivo/template/ace-code-editor.html]
[admin.pixelstrap.com/tivo/template/knowledgebase.html]
[admin.pixelstrap.com/tivo/template/knowledge-category.html]
[admin.pixelstrap.com/tivo/template/knowledge-detail.html]
[admin.pixelstrap.com/tivo/template/support-ticket.html]
[admin.pixelstrap.com/tivo/assets/images/dashboard/default/profile.png]
[admin.pixelstrap.com/tivo/assets/images/dashboard/default/ribbon1.png]
[admin.pixelstrap.com/tivo/assets/images/dashboard/default/ribbon3.png]
[admin.pixelstrap.com/tivo/assets/images/dashboard/default/ribbon4.png]
[admin.pixelstrap.com/tivo/assets/images/dashboard/default/ribbon5.png]
[admin.pixelstrap.com/tivo/assets/images/dashboard/default/ribbon6.png]
[admin.pixelstrap.com/tivo/assets/images/dashboard/default/ribbon7.png]
[admin.pixelstrap.com/tivo/assets/images/dashboard/default/01.png]
[admin.pixelstrap.com/tivo/assets/images/dashboard/default/02.png]
[admin.pixelstrap.com/tivo/assets/images/dashboard/default/03.png]
[admin.pixelstrap.com/tivo/assets/images/dashboard/default/04.png]
[admin.pixelstrap.com/tivo/assets/images/dashboard/default/05.png]
[admin.pixelstrap.com/tivo/assets/images/dashboard/default/todo.png]
[admin.pixelstrap.com/tivo/assets/js/jquery-3.6.0.min.js]
[admin.pixelstrap.com/tivo/assets/js/bootstrap/bootstrap.bundle.min.js]
[admin.pixelstrap.com/tivo/assets/js/icons/feather-icon/feather.min.js]
[admin.pixelstrap.com/tivo/assets/js/icons/feather-icon/feather-icon.js]
[admin.pixelstrap.com/tivo/assets/js/scrollbar/simplebar.js]
[admin.pixelstrap.com/tivo/assets/js/scrollbar/custom.js]
[admin.pixelstrap.com/tivo/assets/js/config.js]
[admin.pixelstrap.com/tivo/assets/js/sidebar-menu.js]
[admin.pixelstrap.com/tivo/assets/js/chart/chartist/chartist.js]
[admin.pixelstrap.com/tivo/assets/js/chart/chartist/chartist-plugin-tooltip.js]
[admin.pixelstrap.com/tivo/assets/js/chart/apex-chart/apex-chart.js]
[admin.pixelstrap.com/tivo/assets/js/chart/apex-chart/stock-prices.js]
[admin.pixelstrap.com/tivo/assets/js/prism/prism.min.js]
[admin.pixelstrap.com/tivo/assets/js/clipboard/clipboard.min.js]
[admin.pixelstrap.com/tivo/assets/js/custom-card/custom-card.js]
[admin.pixelstrap.com/tivo/assets/js/notify/bootstrap-notify.min.js]
[admin.pixelstrap.com/tivo/assets/js/vector-map/jquery-jvectormap-2.0.2.min.js]
[admin.pixelstrap.com/tivo/assets/js/vector-map/map/jquery-jvectormap-world-mill-en.js]
[admin.pixelstrap.com/tivo/assets/js/vector-map/map/jquery-jvectormap-us-aea-en.js]
[admin.pixelstrap.com/tivo/assets/js/vector-map/map/jquery-jvectormap-uk-mill-en.js]
[admin.pixelstrap.com/tivo/assets/js/vector-map/map/jquery-jvectormap-au-mill.js]
[admin.pixelstrap.com/tivo/assets/js/vector-map/map/jquery-jvectormap-chicago-mill-en.js]
[admin.pixelstrap.com/tivo/assets/js/vector-map/map/jquery-jvectormap-in-mill.js]
[admin.pixelstrap.com/tivo/assets/js/vector-map/map/jquery-jvectormap-asia-mill.js]
[admin.pixelstrap.com/tivo/assets/js/dashboard/default.js]
[admin.pixelstrap.com/tivo/assets/js/notify/index.js]
[admin.pixelstrap.com/tivo/assets/js/typeahead/handlebars.js]
[admin.pixelstrap.com/tivo/assets/js/typeahead/typeahead.bundle.js]
[admin.pixelstrap.com/tivo/assets/js/typeahead/typeahead.custom.js]
[admin.pixelstrap.com/tivo/assets/js/typeahead-search/handlebars.js]
[admin.pixelstrap.com/tivo/assets/js/typeahead-search/typeahead-custom.js]
[admin.pixelstrap.com/tivo/assets/js/script.js]
[admin.pixelstrap.com/tivo/assets/js/theme-customizer/customizer.js]
[admin.pixelstrap.com/tivo/template/index.html]
[admin.pixelstrap.com/tivo/assets/css/vendors/font-awesome.css]
[admin.pixelstrap.com/tivo/assets/css/vendors/icofont.css]
[admin.pixelstrap.com/tivo/assets/css/vendors/themify.css]
[admin.pixelstrap.com/tivo/assets/css/vendors/flag-icon.css]
[admin.pixelstrap.com/tivo/assets/css/vendors/feather-icon.css]
[admin.pixelstrap.com/tivo/assets/css/vendors/scrollbar.css]
[admin.pixelstrap.com/tivo/assets/css/vendors/animate.css]
[admin.pixelstrap.com/tivo/assets/css/vendors/chartist.css]
[admin.pixelstrap.com/tivo/assets/css/vendors/prism.css]
[admin.pixelstrap.com/tivo/assets/css/vendors/vector-map.css]
[admin.pixelstrap.com/tivo/assets/css/vendors/bootstrap.css]
[admin.pixelstrap.com/tivo/assets/images/other-images/coming-soon-bg.jpg]
[admin.pixelstrap.com/tivo/assets/images/dashboard/default/bg-cover.png]
[admin.pixelstrap.com/tivo/assets/images/other-images/wallpaper.jpg]
[admin.pixelstrap.com/tivo/assets/images/other-images/clock-face.png]
[admin.pixelstrap.com/tivo/assets/images/other-images/calender-bg.png]
[admin.pixelstrap.com/tivo/assets/images/other-images/maintenance-bg.jpg]
[admin.pixelstrap.com/tivo/assets/images/login/login_bg.jpg]
[admin.pixelstrap.com/tivo/assets/images/other-images/boxbg.jpg]
[admin.pixelstrap.com/tivo/assets/css/style.css]
[admin.pixelstrap.com/tivo/assets/css/color-1.css]
[admin.pixelstrap.com/tivo/assets/css/responsive.css]
[admin.pixelstrap.com/tivo/assets/images/dashboard/folder.png]
[admin.pixelstrap.com/tivo/assets/js/icons/feather-icon/feather-icon-clipart.js]
[admin.pixelstrap.com/tivo/template/file-manager.html]
[admin.pixelstrap.com/tivo/assets/js/jkanban/jkanban.js]
[admin.pixelstrap.com/tivo/assets/js/jkanban/custom.js]
[admin.pixelstrap.com/tivo/template/kanban.html]
[admin.pixelstrap.com/tivo/assets/images/user-profile/bg-profile.jpg]
[admin.pixelstrap.com/tivo/assets/images/user/7.jpg]
[admin.pixelstrap.com/tivo/assets/images/user/1.jpg]
[admin.pixelstrap.com/tivo/assets/images/user/5.jpg]
[admin.pixelstrap.com/tivo/assets/images/user/2.png]
[admin.pixelstrap.com/tivo/assets/images/user/8.jpg]
[admin.pixelstrap.com/tivo/assets/images/user/11.png]
[admin.pixelstrap.com/tivo/assets/images/social-app/timeline-3.png]
[admin.pixelstrap.com/tivo/assets/images/user/14.png]
[admin.pixelstrap.com/tivo/assets/images/user/4.jpg]
[admin.pixelstrap.com/tivo/assets/images/user/3.png]
[admin.pixelstrap.com/tivo/assets/images/social-app/timeline-1.png]
[admin.pixelstrap.com/tivo/assets/images/smiley.png]
[admin.pixelstrap.com/tivo/assets/images/social-app/timeline-2.png]
[admin.pixelstrap.com/tivo/assets/images/social-app/post-1.png]
[admin.pixelstrap.com/tivo/assets/images/social-app/post-2.png]
[admin.pixelstrap.com/tivo/assets/images/social-app/post-3.png]
[admin.pixelstrap.com/tivo/assets/images/social-app/post-4.png]
[admin.pixelstrap.com/tivo/assets/images/social-app/post-5.png]
[admin.pixelstrap.com/tivo/assets/images/social-app/post-6.png]
[admin.pixelstrap.com/tivo/assets/images/social-app/post-7.png]
[admin.pixelstrap.com/tivo/assets/images/social-app/post-8.png]
[admin.pixelstrap.com/tivo/assets/images/social-app/timeline-4.png]
[admin.pixelstrap.com/tivo/assets/images/user-card/1.jpg]
[admin.pixelstrap.com/tivo/assets/images/avtar/3.jpg]
[admin.pixelstrap.com/tivo/assets/images/user-card/2.jpg]
[admin.pixelstrap.com/tivo/assets/images/avtar/16.jpg]
[admin.pixelstrap.com/tivo/assets/images/user-card/3.jpg]
[admin.pixelstrap.com/tivo/assets/images/avtar/11.jpg]
[admin.pixelstrap.com/tivo/assets/images/user-card/7.jpg]
[admin.pixelstrap.com/tivo/assets/images/user-card/5.jpg]
[admin.pixelstrap.com/tivo/assets/images/user-card/6.jpg]
[admin.pixelstrap.com/tivo/assets/images/big-lightgallry/01.jpg]
[admin.pixelstrap.com/tivo/assets/images/lightgallry/01.jpg]
[admin.pixelstrap.com/tivo/assets/images/big-lightgallry/02.jpg]
[admin.pixelstrap.com/tivo/assets/images/lightgallry/02.jpg]
[admin.pixelstrap.com/tivo/assets/images/big-lightgallry/03.jpg]
[admin.pixelstrap.com/tivo/assets/images/lightgallry/03.jpg]
[admin.pixelstrap.com/tivo/assets/images/big-lightgallry/04.jpg]
[admin.pixelstrap.com/tivo/assets/images/lightgallry/04.jpg]
[admin.pixelstrap.com/tivo/assets/images/big-lightgallry/05.jpg]
[admin.pixelstrap.com/tivo/assets/images/lightgallry/05.jpg]
[admin.pixelstrap.com/tivo/assets/images/big-lightgallry/011.jpg]
[admin.pixelstrap.com/tivo/assets/images/lightgallry/011.jpg]
[admin.pixelstrap.com/tivo/assets/images/big-lightgallry/010.jpg]
[admin.pixelstrap.com/tivo/assets/images/lightgallry/010.jpg]
[admin.pixelstrap.com/tivo/assets/images/big-lightgallry/08.jpg]
[admin.pixelstrap.com/tivo/assets/images/lightgallry/08.jpg]
[admin.pixelstrap.com/tivo/assets/js/photoswipe/photoswipe.min.js]
[admin.pixelstrap.com/tivo/assets/js/photoswipe/photoswipe-ui-default.min.js]
[admin.pixelstrap.com/tivo/assets/js/photoswipe/photoswipe.js]
[admin.pixelstrap.com/tivo/template/social-app.html]
[admin.pixelstrap.com/tivo/assets/images/user/user.png]
[admin.pixelstrap.com/tivo/assets/images/lightgallry/06.jpg]
[admin.pixelstrap.com/tivo/assets/images/lightgallry/07.jpg]
[admin.pixelstrap.com/tivo/assets/js/bookmark/jquery.validate.min.js]
[admin.pixelstrap.com/tivo/assets/js/bookmark/custom.js]
[admin.pixelstrap.com/tivo/assets/js/select2/select2.full.min.js]
[admin.pixelstrap.com/tivo/assets/js/select2/select2-custom.js]
[admin.pixelstrap.com/tivo/assets/js/form-validation-custom.js]
[admin.pixelstrap.com/tivo/template/bookmark.html]
[admin.pixelstrap.com/tivo/assets/images/dashboard-2/dash-2/01.png]
[admin.pixelstrap.com/tivo/assets/images/dashboard-2/dash-2/02.png]
[admin.pixelstrap.com/tivo/assets/images/dashboard-2/dash-2/03.png]
[admin.pixelstrap.com/tivo/assets/images/dashboard-2/dash-2/04.png]
[admin.pixelstrap.com/tivo/assets/images/dashboard-2/dash-2/05.png]
[admin.pixelstrap.com/tivo/assets/images/dashboard-2/product/1.png]
[admin.pixelstrap.com/tivo/assets/images/dashboard-2/product/2.png]
[admin.pixelstrap.com/tivo/assets/images/dashboard-2/product/3.png]
[admin.pixelstrap.com/tivo/assets/images/dashboard-2/product/4.png]
[admin.pixelstrap.com/tivo/assets/images/dashboard-2/product/5.png]
[admin.pixelstrap.com/tivo/assets/images/dashboard-2/product/6.png]
[admin.pixelstrap.com/tivo/assets/images/dashboard-2/product/7.png]
[admin.pixelstrap.com/tivo/assets/images/dashboard-2/product/8.png]
[admin.pixelstrap.com/tivo/assets/images/dashboard-2/product/shoes1.png]
[admin.pixelstrap.com/tivo/assets/images/dashboard-2/product/shoes2.png]
[admin.pixelstrap.com/tivo/assets/images/dashboard-2/1.png]
[admin.pixelstrap.com/tivo/assets/images/dashboard-2/2.png]
[admin.pixelstrap.com/tivo/assets/images/dashboard-2/3.png]
[admin.pixelstrap.com/tivo/assets/js/chart/knob/knob.min.js]
[admin.pixelstrap.com/tivo/assets/js/chart/knob/knob-chart.js]
[admin.pixelstrap.com/tivo/assets/js/datepicker/date-picker/datepicker.js]
[admin.pixelstrap.com/tivo/assets/js/datepicker/date-picker/datepicker.en.js]
[admin.pixelstrap.com/tivo/assets/js/datepicker/date-picker/datepicker.custom.js]
[admin.pixelstrap.com/tivo/assets/js/owlcarousel/owl.carousel.js]
[admin.pixelstrap.com/tivo/assets/js/dashboard/dashboard_2.js]
[admin.pixelstrap.com/tivo/template/dashboard-02.html]
[admin.pixelstrap.com/tivo/template/projects.html]
[admin.pixelstrap.com/tivo/assets/js/dropzone/dropzone.js]
[admin.pixelstrap.com/tivo/assets/js/dropzone/dropzone-script.js]
[admin.pixelstrap.com/tivo/template/projectcreate.html]
[admin.pixelstrap.com/tivo/assets/images/ecommerce/01.jpg]
[admin.pixelstrap.com/tivo/assets/images/ecommerce/02.jpg]
[admin.pixelstrap.com/tivo/assets/images/ecommerce/03.jpg]
[admin.pixelstrap.com/tivo/assets/images/ecommerce/banner.jpg]
[admin.pixelstrap.com/tivo/assets/images/ecommerce/05.jpg]
[admin.pixelstrap.com/tivo/assets/images/ecommerce/06.jpg]
[admin.pixelstrap.com/tivo/assets/images/ecommerce/08.jpg]
[admin.pixelstrap.com/tivo/assets/images/ecommerce/07.jpg]
[admin.pixelstrap.com/tivo/assets/images/ecommerce/04.jpg]
[admin.pixelstrap.com/tivo/assets/js/range-slider/ion.rangeSlider.min.js]
[admin.pixelstrap.com/tivo/assets/js/range-slider/rangeslider-script.js]
[admin.pixelstrap.com/tivo/assets/js/touchspin/vendors.min.js]
[admin.pixelstrap.com/tivo/assets/js/touchspin/touchspin.js]
[admin.pixelstrap.com/tivo/assets/js/touchspin/input-groups.min.js]
[admin.pixelstrap.com/tivo/assets/js/product-tab.js]
[admin.pixelstrap.com/tivo/template/product.html]
[admin.pixelstrap.com/tivo/assets/js/rating/jquery.barrating.js]
[admin.pixelstrap.com/tivo/assets/js/rating/rating-script.js]
[admin.pixelstrap.com/tivo/assets/js/slick-slider/slick.min.js]
[admin.pixelstrap.com/tivo/assets/js/slick-slider/slick-theme.js]
[admin.pixelstrap.com/tivo/assets/js/ecommerce.js]
[admin.pixelstrap.com/tivo/template/product-page.html]
[admin.pixelstrap.com/tivo/assets/images/ecommerce/product-table-1.png]
[admin.pixelstrap.com/tivo/assets/images/ecommerce/product-table-2.png]
[admin.pixelstrap.com/tivo/assets/images/ecommerce/product-table-3.png]
[admin.pixelstrap.com/tivo/assets/images/ecommerce/product-table-4.png]
[admin.pixelstrap.com/tivo/assets/images/ecommerce/product-table-5.png]
[admin.pixelstrap.com/tivo/assets/images/ecommerce/product-table-6.png]
[admin.pixelstrap.com/tivo/assets/js/datatable/datatables/jquery.dataTables.min.js]
[admin.pixelstrap.com/tivo/assets/js/product-list-custom.js]
[admin.pixelstrap.com/tivo/template/list-products.html]
[admin.pixelstrap.com/tivo/assets/images/ecommerce/card.png]
[admin.pixelstrap.com/tivo/assets/images/ecommerce/mastercard.png]
[admin.pixelstrap.com/tivo/assets/images/ecommerce/visa.png]
[admin.pixelstrap.com/tivo/assets/images/ecommerce/paypal.png]
[admin.pixelstrap.com/tivo/template/payment-details.html]
[admin.pixelstrap.com/tivo/assets/images/product/1.png]
[admin.pixelstrap.com/tivo/assets/images/product/13.png]
[admin.pixelstrap.com/tivo/assets/images/product/4.png]
[admin.pixelstrap.com/tivo/assets/images/product/10.png]
[admin.pixelstrap.com/tivo/assets/images/product/12.png]
[admin.pixelstrap.com/tivo/assets/images/product/3.png]
[admin.pixelstrap.com/tivo/assets/images/product/2.png]
[admin.pixelstrap.com/tivo/assets/images/product/15.png]
[admin.pixelstrap.com/tivo/assets/images/product/14.png]
[admin.pixelstrap.com/tivo/assets/images/product/11.png]
[admin.pixelstrap.com/tivo/assets/js/datatable/datatables/datatable.custom.js]
[admin.pixelstrap.com/tivo/template/order-history.html]
[admin.pixelstrap.com/tivo/assets/images/other-images/paypal.png]
[admin.pixelstrap.com/tivo/assets/js/counter/jquery.waypoints.min.js]
[admin.pixelstrap.com/tivo/assets/js/counter/jquery.counterup.min.js]
[admin.pixelstrap.com/tivo/assets/js/counter/counter-custom.js]
[admin.pixelstrap.com/tivo/assets/js/print.js]
[admin.pixelstrap.com/tivo/template/invoice-template.html]
[admin.pixelstrap.com/tivo/template/cart.html]
[admin.pixelstrap.com/tivo/template/list-wish.html]
[admin.pixelstrap.com/tivo/assets/images/checkout/paypal.png]
[admin.pixelstrap.com/tivo/template/checkout.html]
[admin.pixelstrap.com/tivo/template/pricing.html]
[admin.pixelstrap.com/tivo/template/email_inbox.html]
[admin.pixelstrap.com/tivo/assets/images/email/1.jpg]
[admin.pixelstrap.com/tivo/assets/images/email/2.jpg]
[admin.pixelstrap.com/tivo/assets/images/email/3.jpg]
[admin.pixelstrap.com/tivo/template/email_read.html]
[admin.pixelstrap.com/tivo/assets/js/editor/ckeditor/ckeditor.js]
[admin.pixelstrap.com/tivo/assets/js/editor/ckeditor/adapters/jquery.js]
[admin.pixelstrap.com/tivo/assets/js/email-app.js]
[admin.pixelstrap.com/tivo/template/email_compose.html]
[admin.pixelstrap.com/tivo/assets/images/user/12.png]
[admin.pixelstrap.com/tivo/template/chat.html]
[admin.pixelstrap.com/tivo/assets/images/other-images/receiver-img.jpg]
[admin.pixelstrap.com/tivo/assets/images/other-images/caller.jpg]
[admin.pixelstrap.com/tivo/template/chat-video.html]
[admin.pixelstrap.com/tivo/assets/images/user-profile/post1.jpg]
[admin.pixelstrap.com/tivo/assets/images/user-profile/post2.jpg]
[admin.pixelstrap.com/tivo/assets/images/user-profile/post3.jpg]
[admin.pixelstrap.com/tivo/assets/images/user-profile/post4.jpg]
[admin.pixelstrap.com/tivo/template/user-profile.html]
[admin.pixelstrap.com/tivo/template/edit-profile.html]
[admin.pixelstrap.com/tivo/assets/js/tooltip-init.js]
[admin.pixelstrap.com/tivo/template/user-cards.html]
[admin.pixelstrap.com/tivo/assets/js/sweet-alert/sweetalert.min.js]
[admin.pixelstrap.com/tivo/assets/js/contacts/custom.js]
[admin.pixelstrap.com/tivo/template/contacts.html]
[admin.pixelstrap.com/tivo/assets/images/logo/logo3.png]
[admin.pixelstrap.com/tivo/assets/images/landing/landing-home/home-bg.jpg]
[admin.pixelstrap.com/tivo/assets/images/landing/landing-home/01.jpg]
[admin.pixelstrap.com/tivo/assets/images/landing/landing-home/02.jpg]
[admin.pixelstrap.com/tivo/assets/images/landing/landing-home/03.jpg]
[admin.pixelstrap.com/tivo/assets/images/landing/landing-home/04.jpg]
[admin.pixelstrap.com/tivo/assets/images/landing/landing-home/05.jpg]
[admin.pixelstrap.com/tivo/assets/images/landing/layout/1.jpg]
[admin.pixelstrap.com/tivo/assets/images/landing/layout/2.jpg]
[admin.pixelstrap.com/tivo/assets/images/landing/layout/3.jpg]
[admin.pixelstrap.com/tivo/assets/images/landing/layout/4.jpg]
[admin.pixelstrap.com/tivo/assets/images/landing/layout/5.jpg]
[admin.pixelstrap.com/tivo/assets/images/landing/layout/6.jpg]
[admin.pixelstrap.com/tivo/assets/images/landing/layout/7.jpg]
[admin.pixelstrap.com/tivo/assets/images/landing/layout/8.jpg]
[admin.pixelstrap.com/tivo/assets/images/landing/layout/9.jpg]
[admin.pixelstrap.com/tivo/assets/images/landing/demo/1.jpg]
[admin.pixelstrap.com/tivo/assets/images/landing/demo/2.jpg]
[admin.pixelstrap.com/tivo/assets/images/landing/icon/laravel/bootstrap.png]
[admin.pixelstrap.com/tivo/assets/images/landing/icon/html/css.png]
[admin.pixelstrap.com/tivo/assets/images/landing/icon/html/sass.png]
[admin.pixelstrap.com/tivo/assets/images/landing/icon/html/pug.png]
[admin.pixelstrap.com/tivo/assets/images/landing/icon/html/npm.png]
[admin.pixelstrap.com/tivo/assets/images/landing/icon/html/gulp.png]
[admin.pixelstrap.com/tivo/assets/images/landing/icon/html/kit.png]
[admin.pixelstrap.com/tivo/assets/images/landing/icon/html/uikits.png]
[admin.pixelstrap.com/tivo/assets/images/landing/icon/html/layout.png]
[admin.pixelstrap.com/tivo/assets/images/landing/icon/html/builders.png]
[admin.pixelstrap.com/tivo/assets/images/landing/icon/html/iconset.png]
[admin.pixelstrap.com/tivo/assets/images/landing/icon/html/forms.png]
[admin.pixelstrap.com/tivo/assets/images/landing/icon/html/table.png]
[admin.pixelstrap.com/tivo/assets/images/landing/icon/html/apps.png]
[admin.pixelstrap.com/tivo/assets/images/landing/application/10.jpg]
[admin.pixelstrap.com/tivo/assets/images/landing/application/8.jpg]
[admin.pixelstrap.com/tivo/assets/images/landing/application/1.jpg]
[admin.pixelstrap.com/tivo/assets/images/landing/application/5.jpg]
[admin.pixelstrap.com/tivo/assets/images/landing/application/2.jpg]
[admin.pixelstrap.com/tivo/assets/images/landing/application/9.jpg]
[admin.pixelstrap.com/tivo/assets/images/landing/application/7.jpg]
[admin.pixelstrap.com/tivo/assets/images/landing/application/11.jpg]
[admin.pixelstrap.com/tivo/assets/images/landing/application/12.jpg]
[admin.pixelstrap.com/tivo/assets/images/landing/application/3.jpg]
[admin.pixelstrap.com/tivo/assets/images/landing/application/4.jpg]
[admin.pixelstrap.com/tivo/assets/images/landing/application/6.jpg]
[admin.pixelstrap.com/tivo/assets/images/landing/responsive-card/responsive-card.jpg]
[admin.pixelstrap.com/tivo/assets/js/animation/wow/wow.min.js]
[admin.pixelstrap.com/tivo/assets/js/landing_sticky.js]
[admin.pixelstrap.com/tivo/assets/js/landing.js]
[admin.pixelstrap.com/tivo/template/landing-page.html]
[admin.pixelstrap.com/tivo/template/sample-page.html]
[admin.pixelstrap.com/tivo/assets/js/internationalization/language-picker.js]
[admin.pixelstrap.com/tivo/template/internationalization.html]
[admin.pixelstrap.com/tivo/template/starter-kit/index.html]
[admin.pixelstrap.com/tivo/template/starter-kit/layout-dark.html]
[admin.pixelstrap.com/tivo/template/starter-kit/boxed.html]
[admin.pixelstrap.com/tivo/template/starter-kit/layout-rtl.html]
[admin.pixelstrap.com/tivo/template/starter-kit/hide-on-scroll.html]
[admin.pixelstrap.com/tivo/template/starter-kit/footer-light.html]
[admin.pixelstrap.com/tivo/template/starter-kit/footer-dark.html]
[admin.pixelstrap.com/tivo/template/starter-kit/footer-fixed.html]
[admin.pixelstrap.com/tivo/template/login.html]
[admin.pixelstrap.com/tivo/assets/images/general-widget/user-profile.png]
[admin.pixelstrap.com/tivo/assets/images/general-widget/testimonial.png]
[admin.pixelstrap.com/tivo/assets/images/dashboard/chrom.png]
[admin.pixelstrap.com/tivo/assets/images/dashboard/firefox.png]
[admin.pixelstrap.com/tivo/assets/images/dashboard/safari.png]
[admin.pixelstrap.com/tivo/assets/images/dashboard/opera.png]
[admin.pixelstrap.com/tivo/assets/js/general-widget.js]
[admin.pixelstrap.com/tivo/assets/js/height-equal.js]
[admin.pixelstrap.com/tivo/template/general-widget.html]
[admin.pixelstrap.com/tivo/assets/js/chart/apex-chart/moment.min.js]
[admin.pixelstrap.com/tivo/assets/js/chart-widget.js]
[admin.pixelstrap.com/tivo/template/chart-widget.html]
[admin.pixelstrap.com/tivo/template/box-layout.html]
[admin.pixelstrap.com/tivo/template/layout-rtl.html]
[admin.pixelstrap.com/tivo/template/layout-dark.html]
[admin.pixelstrap.com/tivo/assets/js/hide-on-scroll.js]
[admin.pixelstrap.com/tivo/template/hide-on-scroll.html]
[admin.pixelstrap.com/tivo/template/footer-light.html]
[admin.pixelstrap.com/tivo/template/footer-dark.html]
[admin.pixelstrap.com/tivo/template/footer-fixed.html]
[admin.pixelstrap.com/tivo/template/add-products.html]
[admin.pixelstrap.com/tivo/template/task.html]
[admin.pixelstrap.com/tivo/assets/js/calendar/fullcalendar.min.js]
[admin.pixelstrap.com/tivo/assets/js/calendar/fullcalendar-custom.js]
[admin.pixelstrap.com/tivo/template/calendar-basic.html]
[admin.pixelstrap.com/tivo/assets/js/todo/todo.js]
[admin.pixelstrap.com/tivo/template/to-do.html]
[admin.pixelstrap.com/tivo/assets/images/blog/blog.jpg]
[admin.pixelstrap.com/tivo/template/search.html]
[admin.pixelstrap.com/tivo/template/form-validation.html]
[admin.pixelstrap.com/tivo/template/base-input.html]
[admin.pixelstrap.com/tivo/template/radio-checkbox-control.html]
[admin.pixelstrap.com/tivo/template/input-group.html]
[admin.pixelstrap.com/tivo/template/megaoptions.html]
[admin.pixelstrap.com/tivo/template/datepicker.html]
[admin.pixelstrap.com/tivo/assets/js/time-picker/jquery-clockpicker.min.js]
[admin.pixelstrap.com/tivo/assets/js/time-picker/highlight.min.js]
[admin.pixelstrap.com/tivo/assets/js/time-picker/clockpicker.js]
[admin.pixelstrap.com/tivo/template/time-picker.html]
[admin.pixelstrap.com/tivo/assets/js/datepicker/date-time-picker/moment.min.js]
[admin.pixelstrap.com/tivo/assets/js/datepicker/date-time-picker/tempusdominus-bootstrap-4.min.js]
[admin.pixelstrap.com/tivo/assets/js/datepicker/date-time-picker/datetimepicker.custom.js]
[admin.pixelstrap.com/tivo/template/datetimepicker.html]
[admin.pixelstrap.com/tivo/assets/js/datepicker/daterange-picker/moment.min.js]
[admin.pixelstrap.com/tivo/assets/js/datepicker/daterange-picker/daterangepicker.js]
[admin.pixelstrap.com/tivo/assets/js/datepicker/daterange-picker/daterange-picker.custom.js]
[admin.pixelstrap.com/tivo/template/daterangepicker.html]
[admin.pixelstrap.com/tivo/template/touchspin.html]
[admin.pixelstrap.com/tivo/template/select2.html]
[admin.pixelstrap.com/tivo/template/switch.html]
[admin.pixelstrap.com/tivo/template/typeahead.html]
[admin.pixelstrap.com/tivo/assets/js/clipboard/clipboard-script.js]
[admin.pixelstrap.com/tivo/template/clipboard.html]
[admin.pixelstrap.com/tivo/template/default-form.html]
[admin.pixelstrap.com/tivo/assets/js/form-wizard/form-wizard.js]
[admin.pixelstrap.com/tivo/template/form-wizard.html]
[admin.pixelstrap.com/tivo/assets/js/form-wizard/form-wizard-two.js]
[admin.pixelstrap.com/tivo/template/form-wizard-two.html]
[admin.pixelstrap.com/tivo/assets/js/form-wizard/form-wizard-three.js]
[admin.pixelstrap.com/tivo/assets/js/form-wizard/jquery.backstretch.min.js]
[admin.pixelstrap.com/tivo/template/form-wizard-three.html]
[admin.pixelstrap.com/tivo/template/bootstrap-basic-table.html]
[admin.pixelstrap.com/tivo/template/table-components.html]
[admin.pixelstrap.com/tivo/template/datatable-basic-init.html]
[admin.pixelstrap.com/tivo/template/datatable-API.html]
[admin.pixelstrap.com/tivo/template/datatable-data-source.html]
[admin.pixelstrap.com/tivo/assets/js/datatable/datatable-extension/dataTables.buttons.min.js]
[admin.pixelstrap.com/tivo/assets/js/datatable/datatable-extension/jszip.min.js]
[admin.pixelstrap.com/tivo/assets/js/datatable/datatable-extension/buttons.colVis.min.js]
[admin.pixelstrap.com/tivo/assets/js/datatable/datatable-extension/pdfmake.min.js]
[admin.pixelstrap.com/tivo/assets/js/datatable/datatable-extension/vfs_fonts.js]
[admin.pixelstrap.com/tivo/assets/js/datatable/datatable-extension/dataTables.autoFill.min.js]
[admin.pixelstrap.com/tivo/assets/js/datatable/datatable-extension/dataTables.select.min.js]
[admin.pixelstrap.com/tivo/assets/js/datatable/datatable-extension/buttons.bootstrap4.min.js]
[admin.pixelstrap.com/tivo/assets/js/datatable/datatable-extension/buttons.html5.min.js]
[admin.pixelstrap.com/tivo/assets/js/datatable/datatable-extension/buttons.print.min.js]
[admin.pixelstrap.com/tivo/assets/js/datatable/datatable-extension/dataTables.bootstrap4.min.js]
[admin.pixelstrap.com/tivo/assets/js/datatable/datatable-extension/dataTables.responsive.min.js]
[admin.pixelstrap.com/tivo/assets/js/datatable/datatable-extension/responsive.bootstrap4.min.js]
[admin.pixelstrap.com/tivo/assets/js/datatable/datatable-extension/dataTables.keyTable.min.js]
[admin.pixelstrap.com/tivo/assets/js/datatable/datatable-extension/dataTables.colReorder.min.js]
[admin.pixelstrap.com/tivo/assets/js/datatable/datatable-extension/dataTables.fixedHeader.min.js]
[admin.pixelstrap.com/tivo/assets/js/datatable/datatable-extension/dataTables.rowReorder.min.js]
[admin.pixelstrap.com/tivo/assets/js/datatable/datatable-extension/dataTables.scroller.min.js]
[admin.pixelstrap.com/tivo/assets/js/datatable/datatable-extension/custom.js]
[admin.pixelstrap.com/tivo/template/datatable-ext-autofill.html]
[admin.pixelstrap.com/tivo/assets/js/jsgrid/jsgrid.min.js]
[admin.pixelstrap.com/tivo/assets/js/jsgrid/griddata.js]
[admin.pixelstrap.com/tivo/assets/js/jsgrid/jsgrid.js]
[admin.pixelstrap.com/tivo/template/jsgrid-table.html]
[admin.pixelstrap.com/tivo/template/typography.html]
[admin.pixelstrap.com/tivo/assets/images/user/16.png]
[admin.pixelstrap.com/tivo/template/avatars.html]
[admin.pixelstrap.com/tivo/template/helper-classes.html]
[admin.pixelstrap.com/tivo/template/grid.html]
[admin.pixelstrap.com/tivo/template/tag-pills.html]
[admin.pixelstrap.com/tivo/template/progress-bar.html]
[admin.pixelstrap.com/tivo/template/modal.html]
[admin.pixelstrap.com/tivo/template/alert.html]
[admin.pixelstrap.com/tivo/assets/js/popover-custom.js]
[admin.pixelstrap.com/tivo/template/popover.html]
[admin.pixelstrap.com/tivo/template/tooltip.html]
[admin.pixelstrap.com/tivo/template/loader.html]
[admin.pixelstrap.com/tivo/template/dropdown.html]
[admin.pixelstrap.com/tivo/template/according.html]
[admin.pixelstrap.com/tivo/template/tab-bootstrap.html]
[admin.pixelstrap.com/tivo/template/tab-material.html]
[admin.pixelstrap.com/tivo/template/box-shadow.html]
[admin.pixelstrap.com/tivo/template/list.html]
[admin.pixelstrap.com/tivo/assets/images/banner/2.jpg]
[admin.pixelstrap.com/tivo/assets/images/banner/3.jpg]
[admin.pixelstrap.com/tivo/assets/images/banner/1.jpg]
[admin.pixelstrap.com/tivo/assets/js/scrollable/perfect-scrollbar.min.js]
[admin.pixelstrap.com/tivo/assets/js/scrollable/scrollable-custom.js]
[admin.pixelstrap.com/tivo/template/scrollable.html]
[admin.pixelstrap.com/tivo/assets/js/tree/jstree.min.js]
[admin.pixelstrap.com/tivo/assets/js/tree/tree.js]
[admin.pixelstrap.com/tivo/template/tree.html]
[admin.pixelstrap.com/tivo/assets/js/notify/notify-script.js]
[admin.pixelstrap.com/tivo/template/bootstrap-notify.html]
[admin.pixelstrap.com/tivo/template/rating.html]
[admin.pixelstrap.com/tivo/template/dropzone.html]
[admin.pixelstrap.com/tivo/assets/js/tour/intro.js]
[admin.pixelstrap.com/tivo/assets/js/tour/intro-init.js]
[admin.pixelstrap.com/tivo/template/tour.html]
[admin.pixelstrap.com/tivo/assets/js/sweet-alert/app.js]
[admin.pixelstrap.com/tivo/template/sweet-alert2.html]
[admin.pixelstrap.com/tivo/assets/js/modal-animated.js]
[admin.pixelstrap.com/tivo/template/modal-animated.html]
[admin.pixelstrap.com/tivo/assets/images/slider/1.jpg]
[admin.pixelstrap.com/tivo/assets/images/slider/2.jpg]
[admin.pixelstrap.com/tivo/assets/images/slider/3.jpg]
[admin.pixelstrap.com/tivo/assets/images/slider/4.jpg]
[admin.pixelstrap.com/tivo/assets/images/slider/5.jpg]
[admin.pixelstrap.com/tivo/assets/images/slider/6.jpg]
[admin.pixelstrap.com/tivo/assets/images/slider/7.jpg]
[admin.pixelstrap.com/tivo/assets/images/slider/8.jpg]
[admin.pixelstrap.com/tivo/assets/images/slider/9.jpg]
[admin.pixelstrap.com/tivo/assets/images/slider/10.jpg]
[admin.pixelstrap.com/tivo/assets/images/slider/11.jpg]
[admin.pixelstrap.com/tivo/assets/images/slider-auto-width/11.jpg]
[admin.pixelstrap.com/tivo/assets/images/slider-auto-width/12.jpg]
[admin.pixelstrap.com/tivo/assets/images/slider-auto-width/13.jpg]
[admin.pixelstrap.com/tivo/assets/images/slider-auto-width/14.jpg]
[admin.pixelstrap.com/tivo/assets/images/slider-auto-width/15.jpg]
[admin.pixelstrap.com/tivo/assets/js/owlcarousel/owl-custom.js]
[admin.pixelstrap.com/tivo/template/owl-carousel.html]
[admin.pixelstrap.com/tivo/template/ribbons.html]
[admin.pixelstrap.com/tivo/template/pagination.html]
[admin.pixelstrap.com/tivo/template/breadcrumb.html]
[admin.pixelstrap.com/tivo/template/range-slider.html]
[admin.pixelstrap.com/tivo/assets/images/other-images/img-cropper.jpg]
[admin.pixelstrap.com/tivo/assets/js/image-cropper/cropper.js]
[admin.pixelstrap.com/tivo/assets/js/image-cropper/cropper-main.js]
[admin.pixelstrap.com/tivo/template/image-cropper.html]
[admin.pixelstrap.com/tivo/assets/js/jquery.ui.min.js]
[admin.pixelstrap.com/tivo/assets/js/sticky/sticky.js]
[admin.pixelstrap.com/tivo/template/sticky.html]
[admin.pixelstrap.com/tivo/template/basic-card.html]
[admin.pixelstrap.com/tivo/assets/js/dragable/sortable.js]
[admin.pixelstrap.com/tivo/assets/js/dragable/sortable-custom.js]
[admin.pixelstrap.com/tivo/template/dragable-card.html]
[admin.pixelstrap.com/tivo/assets/js/timeline/timeline-v-1/main.js]
[admin.pixelstrap.com/tivo/assets/js/modernizr.js]
[admin.pixelstrap.com/tivo/template/timeline-v-1.html]
[admin.pixelstrap.com/tivo/assets/js/timeline/timeline-v-2/jquery.timeliny.min.js]
[admin.pixelstrap.com/tivo/template/timeline-v-2.html]
[admin.pixelstrap.com/tivo/assets/js/timeline/timeline-v-2/timeline-v-2-custom.js]
[admin.pixelstrap.com/tivo/assets/js/form-builder/form-builder-1/require.js]
[admin.pixelstrap.com/tivo/assets/js/form-builder/form-builder-1/main-built.js]
[admin.pixelstrap.com/tivo/template/form-builder-1.html]
[admin.pixelstrap.com/tivo/assets/js/form-builder/form-builder-2/beautifyhtml.js]
[admin.pixelstrap.com/tivo/assets/js/form-builder/form-builder-2/form-builder-2.js]
[admin.pixelstrap.com/tivo/template/form-builder-2.html]
[admin.pixelstrap.com/tivo/assets/js/page-builder/jquery.grideditor.min.js]
[admin.pixelstrap.com/tivo/assets/js/page-builder/page-builder-custom.js]
[admin.pixelstrap.com/tivo/template/pagebuild.html]
[admin.pixelstrap.com/tivo/assets/js/button-builder/colorpicker.js]
[admin.pixelstrap.com/tivo/assets/js/button-builder/clipboard.min.js]
[admin.pixelstrap.com/tivo/assets/js/button-builder/generator.js]
[admin.pixelstrap.com/tivo/assets/js/button-builder/extend-1.0.js]
[admin.pixelstrap.com/tivo/template/button-builder.html]
[admin.pixelstrap.com/tivo/assets/js/animation/animate-custom.js]
[admin.pixelstrap.com/tivo/template/animate.html]
[admin.pixelstrap.com/tivo/assets/images/big-lightgallry/06.jpg]
[admin.pixelstrap.com/tivo/assets/images/big-lightgallry/07.jpg]
[admin.pixelstrap.com/tivo/assets/images/big-lightgallry/09.jpg]
[admin.pixelstrap.com/tivo/assets/images/lightgallry/09.jpg]
[admin.pixelstrap.com/tivo/assets/images/lightgallry/012.jpg]
[admin.pixelstrap.com/tivo/assets/images/big-lightgallry/013.jpg]
[admin.pixelstrap.com/tivo/assets/images/lightgallry/013.jpg]
[admin.pixelstrap.com/tivo/assets/images/big-lightgallry/014.jpg]
[admin.pixelstrap.com/tivo/assets/images/lightgallry/014.jpg]
[admin.pixelstrap.com/tivo/assets/images/big-lightgallry/015.jpg]
[admin.pixelstrap.com/tivo/assets/images/lightgallry/015.jpg]
[admin.pixelstrap.com/tivo/assets/images/big-lightgallry/016.jpg]
[admin.pixelstrap.com/tivo/template/scroll-reval.html]
[admin.pixelstrap.com/tivo/assets/images/big-masonry/1.jpg]
[admin.pixelstrap.com/tivo/assets/images/masonry/1.jpg]
[admin.pixelstrap.com/tivo/assets/images/big-masonry/2.jpg]
[admin.pixelstrap.com/tivo/assets/images/masonry/2.jpg]
[admin.pixelstrap.com/tivo/assets/images/big-masonry/3.jpg]
[admin.pixelstrap.com/tivo/assets/images/masonry/3.jpg]
[admin.pixelstrap.com/tivo/assets/images/big-masonry/4.jpg]
[admin.pixelstrap.com/tivo/assets/images/masonry/4.jpg]
[admin.pixelstrap.com/tivo/assets/images/big-masonry/5.jpg]
[admin.pixelstrap.com/tivo/assets/images/masonry/5.jpg]
[admin.pixelstrap.com/tivo/assets/images/big-masonry/6.jpg]
[admin.pixelstrap.com/tivo/assets/images/masonry/6.jpg]
[admin.pixelstrap.com/tivo/assets/images/big-masonry/7.jpg]
[admin.pixelstrap.com/tivo/assets/images/masonry/7.jpg]
[admin.pixelstrap.com/tivo/assets/images/big-masonry/8.jpg]
[admin.pixelstrap.com/tivo/assets/images/masonry/8.jpg]
[admin.pixelstrap.com/tivo/assets/images/big-masonry/9.jpg]
[admin.pixelstrap.com/tivo/assets/images/masonry/9.jpg]
[admin.pixelstrap.com/tivo/assets/images/big-masonry/10.jpg]
[admin.pixelstrap.com/tivo/assets/images/masonry/10.jpg]
[admin.pixelstrap.com/tivo/assets/images/big-masonry/11.jpg]
[admin.pixelstrap.com/tivo/assets/images/masonry/11.jpg]
[admin.pixelstrap.com/tivo/assets/images/big-masonry/12.jpg]
[admin.pixelstrap.com/tivo/assets/images/masonry/12.jpg]
[admin.pixelstrap.com/tivo/assets/images/big-masonry/14.jpg]
[admin.pixelstrap.com/tivo/assets/images/masonry/14.jpg]
[admin.pixelstrap.com/tivo/assets/images/big-masonry/15.jpg]
[admin.pixelstrap.com/tivo/assets/images/masonry/15.jpg]
[admin.pixelstrap.com/tivo/assets/images/big-masonry/13.jpg]
[admin.pixelstrap.com/tivo/assets/images/masonry/13.jpg]
[admin.pixelstrap.com/tivo/assets/js/isotope.pkgd.js]
[admin.pixelstrap.com/tivo/assets/js/animation/aos/aos.js]
[admin.pixelstrap.com/tivo/assets/js/animation/aos/aos-init.js]
[admin.pixelstrap.com/tivo/template/AOS.html]
[admin.pixelstrap.com/tivo/assets/js/animation/tilt/tilt.jquery.js]
[admin.pixelstrap.com/tivo/assets/js/animation/tilt/tilt-custom.js]
[admin.pixelstrap.com/tivo/template/tilt.html]
[admin.pixelstrap.com/tivo/assets/js/animation/wow/wow-init.js]
[admin.pixelstrap.com/tivo/template/wow.html]
[admin.pixelstrap.com/tivo/assets/js/icons/icons-notify.js]
[admin.pixelstrap.com/tivo/assets/js/icons/flag-icon-clipart.js]
[admin.pixelstrap.com/tivo/template/flag-icon.html]
[admin.pixelstrap.com/tivo/assets/js/icons/icon-clipart.js]
[admin.pixelstrap.com/tivo/template/font-awesome.html]
[admin.pixelstrap.com/tivo/template/ico-icon.html]
[admin.pixelstrap.com/tivo/template/themify-icon.html]
[admin.pixelstrap.com/tivo/template/feather-icon.html]
[admin.pixelstrap.com/tivo/assets/js/icons/whether-icon-clipart.js]
[admin.pixelstrap.com/tivo/template/whether-icon.html]
[admin.pixelstrap.com/tivo/template/buttons.html]
[admin.pixelstrap.com/tivo/template/button-group.html]
[admin.pixelstrap.com/tivo/assets/js/chart/apex-chart/chart-custom.js]
[admin.pixelstrap.com/tivo/template/chart-apex.html]
[admin.pixelstrap.com/tivo/assets/js/chart/sparkline/sparkline.js]
[admin.pixelstrap.com/tivo/assets/js/chart/sparkline/sparkline-script.js]
[admin.pixelstrap.com/tivo/template/chart-sparkline.html]
[admin.pixelstrap.com/tivo/assets/js/chart/flot-chart/excanvas.js]
[admin.pixelstrap.com/tivo/assets/js/chart/flot-chart/jquery.flot.js]
[admin.pixelstrap.com/tivo/assets/js/chart/flot-chart/jquery.flot.time.js]
[admin.pixelstrap.com/tivo/assets/js/chart/flot-chart/jquery.flot.categories.js]
[admin.pixelstrap.com/tivo/assets/js/chart/flot-chart/jquery.flot.stack.js]
[admin.pixelstrap.com/tivo/assets/js/chart/flot-chart/jquery.flot.pie.js]
[admin.pixelstrap.com/tivo/assets/js/chart/flot-chart/jquery.flot.symbol.js]
[admin.pixelstrap.com/tivo/assets/js/chart/flot-chart/flot-script.js]
[admin.pixelstrap.com/tivo/template/chart-flot.html]
[admin.pixelstrap.com/tivo/template/chart-knob.html]
[admin.pixelstrap.com/tivo/assets/js/chart/morris-chart/raphael.js]
[admin.pixelstrap.com/tivo/assets/js/chart/morris-chart/morris.js]
[admin.pixelstrap.com/tivo/assets/js/chart/morris-chart/prettify.min.js]
[admin.pixelstrap.com/tivo/assets/js/chart/morris-chart/morris-script.js]
[admin.pixelstrap.com/tivo/template/chart-morris.html]
[admin.pixelstrap.com/tivo/assets/js/chart/chartjs/chart.min.js]
[admin.pixelstrap.com/tivo/assets/js/chart/chartjs/chart.custom.js]
[admin.pixelstrap.com/tivo/template/chartjs.html]
[admin.pixelstrap.com/tivo/assets/js/chart/chartist/chartist-custom.js]
[admin.pixelstrap.com/tivo/template/chartist.html]
[admin.pixelstrap.com/tivo/assets/js/chart/peity-chart/peity.jquery.js]
[admin.pixelstrap.com/tivo/assets/js/chart/peity-chart/peity-custom.js]
[admin.pixelstrap.com/tivo/template/chart-peity.html]
[admin.pixelstrap.com/tivo/template/error-page1.html]
[admin.pixelstrap.com/tivo/template/error-page2.html]
[admin.pixelstrap.com/tivo/template/error-page3.html]
[admin.pixelstrap.com/tivo/template/error-page4.html]
[admin.pixelstrap.com/tivo/template/error-page5.html]
[admin.pixelstrap.com/tivo/assets/images/login/2.jpg]
[admin.pixelstrap.com/tivo/template/login_one.html]
[admin.pixelstrap.com/tivo/assets/images/login/3.jpg]
[admin.pixelstrap.com/tivo/template/login_two.html]
[admin.pixelstrap.com/tivo/assets/images/login/1.jpg]
[admin.pixelstrap.com/tivo/template/login-bs-validation.html]
[admin.pixelstrap.com/tivo/template/login-bs-tt-validation.html]
[admin.pixelstrap.com/tivo/template/login-sa-validation.html]
[admin.pixelstrap.com/tivo/template/sign-up.html]
[admin.pixelstrap.com/tivo/template/sign-up-one.html]
[admin.pixelstrap.com/tivo/template/sign-up-two.html]
[admin.pixelstrap.com/tivo/template/unlock.html]
[admin.pixelstrap.com/tivo/template/forget-password.html]
[admin.pixelstrap.com/tivo/template/reset-password.html]
[admin.pixelstrap.com/tivo/template/maintenance.html]
[admin.pixelstrap.com/tivo/assets/js/countdown.js]
[admin.pixelstrap.com/tivo/template/comingsoon.html]
[admin.pixelstrap.com/tivo/template/comingsoon-bg-video.html]
[admin.pixelstrap.com/tivo/template/comingsoon-bg-img.html]
[admin.pixelstrap.com/tivo/template/basic-template.html]
[admin.pixelstrap.com/tivo/template/email-header.html]
[admin.pixelstrap.com/tivo/assets/images/email-template/1.jpg]
[admin.pixelstrap.com/tivo/assets/images/email-template/2.png]
[admin.pixelstrap.com/tivo/assets/images/email-template/7.png]
[admin.pixelstrap.com/tivo/assets/images/email-template/8.png]
[admin.pixelstrap.com/tivo/assets/images/email-template/3.png]
[admin.pixelstrap.com/tivo/assets/images/email-template/cosmetic.jpg]
[admin.pixelstrap.com/tivo/assets/images/email-template/6.png]
[admin.pixelstrap.com/tivo/assets/images/email-template/5.png]
[admin.pixelstrap.com/tivo/template/template-email.html]
[admin.pixelstrap.com/tivo/assets/images/email-template/slider.jpg]
[admin.pixelstrap.com/tivo/assets/images/email-template/7.jpg]
[admin.pixelstrap.com/tivo/assets/images/email-template/8.jpg]
[admin.pixelstrap.com/tivo/assets/images/email-template/banner.jpg]
[admin.pixelstrap.com/tivo/assets/images/email-template/banner-2.jpg]
[admin.pixelstrap.com/tivo/assets/images/email-template/10.jpg]
[admin.pixelstrap.com/tivo/assets/images/email-template/11.jpg]
[admin.pixelstrap.com/tivo/assets/images/email-template/12.jpg]
[admin.pixelstrap.com/tivo/template/template-email-2.html]
[admin.pixelstrap.com/tivo/assets/images/email-template/delivery-2.png]
[admin.pixelstrap.com/tivo/assets/images/email-template/space.jpg]
[admin.pixelstrap.com/tivo/assets/images/email-template/4.png]
[admin.pixelstrap.com/tivo/assets/images/email-template/1.png]
[admin.pixelstrap.com/tivo/template/ecommerce-templates.html]
[admin.pixelstrap.com/tivo/assets/images/email-template/delivery.png]
[admin.pixelstrap.com/tivo/template/email-order-success.html]
[admin.pixelstrap.com/tivo/template/gallery.html]
[admin.pixelstrap.com/tivo/template/gallery-with-description.html]
[admin.pixelstrap.com/tivo/assets/js/masonry-gallery.js]
[admin.pixelstrap.com/tivo/template/gallery-masonry.html]
[admin.pixelstrap.com/tivo/template/masonry-gallery-with-disc.html]
[admin.pixelstrap.com/tivo/template/gallery-hover.html]
[admin.pixelstrap.com/tivo/assets/images/blog/blog-2.jpg]
[admin.pixelstrap.com/tivo/assets/images/blog/blog-3.jpg]
[admin.pixelstrap.com/tivo/assets/images/blog/blog-5.jpg]
[admin.pixelstrap.com/tivo/assets/images/blog/blog-6.jpg]
[admin.pixelstrap.com/tivo/template/blog.html]
[admin.pixelstrap.com/tivo/assets/images/blog/blog-single.jpg]
[admin.pixelstrap.com/tivo/assets/images/blog/comment.jpg]
[admin.pixelstrap.com/tivo/assets/images/blog/9.jpg]
[admin.pixelstrap.com/tivo/assets/images/blog/4.jpg]
[admin.pixelstrap.com/tivo/assets/images/blog/12.png]
[admin.pixelstrap.com/tivo/assets/images/blog/14.png]
[admin.pixelstrap.com/tivo/template/blog-single.html]
[admin.pixelstrap.com/tivo/template/add-post.html]
[admin.pixelstrap.com/tivo/assets/images/faq/1.jpg]
[admin.pixelstrap.com/tivo/assets/images/faq/2.jpg]
[admin.pixelstrap.com/tivo/assets/images/faq/3.jpg]
[admin.pixelstrap.com/tivo/assets/images/faq/4.jpg]
[admin.pixelstrap.com/tivo/template/faq.html]
[admin.pixelstrap.com/tivo/assets/images/job-search/1.jpg]
[admin.pixelstrap.com/tivo/assets/images/job-search/2.jpg]
[admin.pixelstrap.com/tivo/assets/images/job-search/3.jpg]
[admin.pixelstrap.com/tivo/assets/images/job-search/4.jpg]
[admin.pixelstrap.com/tivo/assets/images/job-search/5.jpg]
[admin.pixelstrap.com/tivo/assets/images/job-search/6.jpg]
[admin.pixelstrap.com/tivo/template/job-cards-view.html]
[admin.pixelstrap.com/tivo/template/job-list-view.html]
[admin.pixelstrap.com/tivo/template/job-details.html]
[admin.pixelstrap.com/tivo/template/job-apply.html]
[admin.pixelstrap.com/tivo/template/learning-list-view.html]
[admin.pixelstrap.com/tivo/assets/images/faq/learning-1.jpg]
[admin.pixelstrap.com/tivo/template/learning-detailed.html]
[admin.pixelstrap.com/tivo/assets/js/map-js/mapsjs-core.js]
[admin.pixelstrap.com/tivo/assets/js/map-js/mapsjs-service.js]
[admin.pixelstrap.com/tivo/assets/js/map-js/mapsjs-ui.js]
[admin.pixelstrap.com/tivo/assets/js/map-js/mapsjs-mapevents.js]
[admin.pixelstrap.com/tivo/assets/js/map-js/custom.js]
[admin.pixelstrap.com/tivo/template/map-js.html]
[admin.pixelstrap.com/tivo/assets/js/vector-map/map-vector.js]
[admin.pixelstrap.com/tivo/template/vector-map.html]
[admin.pixelstrap.com/tivo/assets/js/editor/summernote/summernote.js]
[admin.pixelstrap.com/tivo/template/summernote.html]
[admin.pixelstrap.com/tivo/assets/js/editor/summernote/summernote.custom.js]
[admin.pixelstrap.com/tivo/assets/js/editor/ckeditor/styles.js]
[admin.pixelstrap.com/tivo/assets/js/editor/ckeditor/ckeditor.custom.js]
[admin.pixelstrap.com/tivo/template/ckeditor.html]
[admin.pixelstrap.com/tivo/assets/js/editor/simple-mde/simplemde.min.js]
[admin.pixelstrap.com/tivo/assets/js/editor/simple-mde/simplemde.custom.js]
[admin.pixelstrap.com/tivo/template/simple-MDE.html]
[admin.pixelstrap.com/tivo/assets/js/editor/ace-editor/ace.js]
[admin.pixelstrap.com/tivo/assets/js/editor/ace-editor/ace-custom.js]
[admin.pixelstrap.com/tivo/assets/js/editor/ace-editor/mode-css.js]
[admin.pixelstrap.com/tivo/assets/js/editor/ace-editor/mode-html.js]
[admin.pixelstrap.com/tivo/assets/js/editor/ace-editor/mode-javascript.js]
[admin.pixelstrap.com/tivo/assets/js/editor/ace-editor/mode-php.js]
[admin.pixelstrap.com/tivo/assets/js/editor/ace-editor/theme-monokai.js]
[admin.pixelstrap.com/tivo/assets/js/editor/ace-editor/worker-css.js]
[admin.pixelstrap.com/tivo/assets/js/editor/ace-editor/worker-html.js]
[admin.pixelstrap.com/tivo/assets/js/editor/ace-editor/worker-javascript.js]
[admin.pixelstrap.com/tivo/assets/js/editor/ace-editor/worker-php.js]
[admin.pixelstrap.com/tivo/template/ace-code-editor.html]
[admin.pixelstrap.com/tivo/assets/images/knowledgebase/bg_1.jpg]
[admin.pixelstrap.com/tivo/template/knowledgebase.html]
[admin.pixelstrap.com/tivo/template/knowledge-category.html]
[admin.pixelstrap.com/tivo/assets/images/knowledgebase/1.jpg]
[admin.pixelstrap.com/tivo/template/knowledge-detail.html]
[admin.pixelstrap.com/tivo/assets/images/user/9.jpg]
[admin.pixelstrap.com/tivo/assets/js/support-ticket-custom.js]
[admin.pixelstrap.com/tivo/template/support-ticket.html]
[admin.pixelstrap.com/tivo/assets/css/vendors/jkanban.css]
[admin.pixelstrap.com/tivo/assets/images/lightgallry/default-skin.png]
[admin.pixelstrap.com/tivo/assets/css/vendors/photoswipe.css]
[admin.pixelstrap.com/tivo/assets/css/vendors/select2.css]
[admin.pixelstrap.com/tivo/assets/css/vendors/date-picker.css]
[admin.pixelstrap.com/tivo/assets/css/vendors/owlcarousel.css]
[admin.pixelstrap.com/tivo/assets/css/vendors/dropzone.css]
[admin.pixelstrap.com/tivo/assets/images/range-slider/sprite-skin-modern.png]
[admin.pixelstrap.com/tivo/assets/css/vendors/range-slider.css]
[admin.pixelstrap.com/tivo/assets/css/vendors/slick.css]
[admin.pixelstrap.com/tivo/assets/images/ajax-loader.gif]
[admin.pixelstrap.com/tivo/assets/css/vendors/slick-theme.css]
[admin.pixelstrap.com/tivo/assets/css/vendors/rating.css]
[admin.pixelstrap.com/tivo/assets/images/sort_both.png]
[admin.pixelstrap.com/tivo/assets/images/sort_asc.png]
[admin.pixelstrap.com/tivo/assets/images/sort_desc.png]
[admin.pixelstrap.com/tivo/assets/images/sort_asc_disabled.png]
[admin.pixelstrap.com/tivo/assets/images/sort_desc_disabled.png]
[admin.pixelstrap.com/tivo/assets/css/vendors/datatables.css]
[admin.pixelstrap.com/tivo/assets/css/vendors/sweetalert2.css]
[admin.pixelstrap.com/tivo/assets/css/vendors/whether-icon.css]
[admin.pixelstrap.com/tivo/assets/js/task/custom.js]
[admin.pixelstrap.com/tivo/assets/css/vendors/calendar.css]
[admin.pixelstrap.com/tivo/assets/css/vendors/todo.css]
[admin.pixelstrap.com/tivo/assets/css/vendors/timepicker.css]
[admin.pixelstrap.com/tivo/assets/css/vendors/daterange-picker.css]
[admin.pixelstrap.com/tivo/template/sample.html]
[admin.pixelstrap.com/tivo/assets/css/vendors/datatable-extension.css]
[admin.pixelstrap.com/tivo/assets/images/js-grid.png]
[admin.pixelstrap.com/tivo/assets/css/vendors/jsgrid.css]
[admin.pixelstrap.com/tivo/assets/css/vendors/scrollable.css]
[admin.pixelstrap.com/tivo/assets/images/tree/throbber.gif]
[admin.pixelstrap.com/tivo/assets/images/tree/32px.png]
[admin.pixelstrap.com/tivo/assets/css/vendors/tree.css]
[admin.pixelstrap.com/tivo/assets/css/vendors/tour.css]
[admin.pixelstrap.com/tivo/assets/css/vendors/image-cropper.css]
[admin.pixelstrap.com/tivo/template/cropped.html]
[admin.pixelstrap.com/tivo/assets/css/vendors/sticky.css]
[admin.pixelstrap.com/tivo/assets/css/vendors/page-builder.css]
[admin.pixelstrap.com/tivo/assets/images/button_builder/colorpicker_overlay.png]
[admin.pixelstrap.com/tivo/assets/images/button_builder/colorpicker_select.gif]
[admin.pixelstrap.com/tivo/assets/images/button_builder/rainbow.png]
[admin.pixelstrap.com/tivo/assets/images/button_builder/scroll.png]
[admin.pixelstrap.com/tivo/assets/images/button_builder/hex_bg.gif]
[admin.pixelstrap.com/tivo/assets/images/button_builder/select.png]
[admin.pixelstrap.com/tivo/assets/images/button_builder/checkbox-sprite.png]
[admin.pixelstrap.com/tivo/assets/css/vendors/button-builder.css]
[admin.pixelstrap.com/tivo/assets/images/big-lightgallry/012.jpg]
[admin.pixelstrap.com/tivo/assets/images/lightgallry/016.jpg]
[admin.pixelstrap.com/tivo/assets/js/animation/scroll-reveal/scrollreveal.min.js]
[admin.pixelstrap.com/tivo/assets/css/vendors/aos.css]
[admin.pixelstrap.com/tivo/assets/css/vendors/mapsjs-ui.css]
[admin.pixelstrap.com/tivo/assets/css/vendors/summernote.css]
[admin.pixelstrap.com/tivo/assets/css/vendors/simple-mde.css]
[admin.pixelstrap.com/tivo/assets/css/vendors/preloader.html]
[admin.pixelstrap.com/tivo/assets/css/vendors/dropzone-spritemap.html]
[admin.pixelstrap.com/tivo/assets/css/vendors/${file-1x}.html]
[admin.pixelstrap.com/tivo/assets/css/vendors/${file-2x}.html]
[admin.pixelstrap.com/tivo/assets/css/images/tree/32px.html]
[admin.pixelstrap.com/tivo/assets/css/images/tree/40px.html]
[admin.pixelstrap.com/tivo/assets/images/icon-tree.html]
[admin.pixelstrap.com/tivo/assets/images/tree-1.html]
[admin.pixelstrap.com/tivo/assets/js/animation/scroll-reveal/reveal-custom.js]
